
> vite_react_shadcn_ts@0.0.0 build
> vite build

[36mvite v5.4.21 [32mbuilding for production...[36m[39m
transforming...
node.exe : Browserslist: browsers data (caniuse-lite) is 20 months old. Please run:
At line:1 char:1
+ & "C:\Program Files\nodejs/node.exe" "C:\Program Files\nodejs/node_mo ...
+ ~~~~~~~~~~~~~~~~~~~~~~~~~~~~~~~~~~~~~~~~~~~~~~~~~~~~~~~~~~~~~~~~~~~~~
    + CategoryInfo          : NotSpecified: (Browserslist: b...ld. Please run::String) [], RemoteException
    + FullyQualifiedErrorId : NativeCommandError
 
  npx update-browserslist-db@latest
  Why you should do it regularly: https://github.com/browserslist/update-db#readme
[32m✓[39m 140 modules transformed.
[31mx[39m Build failed in 4.30s
[31merror during build:
[31m[vite:esbuild] Transform failed with 1 error:
C:/Users/malli/Desktop/Misson Impossible/VR_LMS_MISSION/frontend/src/components/NotificationBell.jsx:21:46: ERROR: 
Syntax error "B"[31m
file: [36mC:/Users/malli/Desktop/Misson 
Impossible/VR_LMS_MISSION/frontend/src/components/NotificationBell.jsx:21:46[31m
[33m
[33mSyntax error "B"[33m
19 |          try {
20 |              const token = localStorage.getItem('token');
21 |              const headers = { Authorization: \Bearer \\ };
   |                                                ^
22 |              const response = await axios.get(
23 |                  \\/api/public/notifications\,
[31m
    at failureErrorWithLog (C:\Users\malli\Desktop\Misson 
Impossible\VR_LMS_MISSION\frontend\node_modules\vite\node_modules\esbuild\lib\main.js:1472:15)
    at C:\Users\malli\Desktop\Misson 
Impossible\VR_LMS_MISSION\frontend\node_modules\vite\node_modules\esbuild\lib\main.js:755:50
    at responseCallbacks.<computed> (C:\Users\malli\Desktop\Misson 
Impossible\VR_LMS_MISSION\frontend\node_modules\vite\node_modules\esbuild\lib\main.js:622:9)
    at handleIncomingPacket (C:\Users\malli\Desktop\Misson 
Impossible\VR_LMS_MISSION\frontend\node_modules\vite\node_modules\esbuild\lib\main.js:677:12)
    at Socket.readFromStdout (C:\Users\malli\Desktop\Misson 
Impossible\VR_LMS_MISSION\frontend\node_modules\vite\node_modules\esbuild\lib\main.js:600:7)
    at Socket.emit (node:events:509:28)
    at addChunk (node:internal/streams/readable:563:12)
    at readableAddChunkPushByteMode (node:internal/streams/readable:514:3)
    at Readable.push (node:internal/streams/readable:394:5)
    at Pipe.onStreamRead (node:internal/stream_base_commons:189:23)[39m
